// Jest Snapshot v1, https://goo.gl/fbAQLP

exports[`TodoItem matches snapshot 1`] = `
<div
  className="sc-dcJsrY dvISRP"
>
  <div
    className="sc-iGgWBj hbfUxH"
  >
    <span
      className="sc-aXZVg ZiuFJ checkbox"
      data-testid="Test-cb"
    >
      <input
        checked={false}
        className="sc-eqUAAy dAZlDD"
        data-testid="Test-cb-input"
        id="todo-item"
        onChange={[Function]}
        type="checkbox"
      />
      <label
        className="sc-gEvEer bIYNgM"
        data-testid="Test-cb-square"
        htmlFor="todo-item"
        onKeyDown={[Function]}
        tabIndex={0}
      />
    </span>
    <label
      className="sc-fqkvVR gTphDY label"
      data-testid="Test-label"
      htmlFor="todo-item"
    >
      Test
    </label>
  </div>
  <span
    className="sc-gsFSXq dOdxJB"
  >
    02/12/23, 03:00:43 PM
  </span>
  <button
    className="sc-imWYAI eZMYSl"
    data-testid="Test-edit"
    disabled={false}
    onClick={[Function]}
    type="button"
  >
    Edit
  </button>
  <span
    className="sc-kAyceB iApKAT"
  >
    /
  </span>
  <button
    className="sc-imWYAI eZMYSl"
    data-testid="Test-delete"
    disabled={false}
    onClick={[Function]}
    type="button"
  >
    Delete
  </button>
</div>
`;
