// Jest Snapshot v1, https://goo.gl/fbAQLP

exports[`Todo Functionality matches snapshot 1`] = `
<div
  className="sc-eDPEul fqdiep"
>
  <div
    className="sc-eldPxv jZScjW"
  >
    <h1
      className="sc-fPXMVe hzdiAB"
    >
      Todo List
    </h1>
    <a
      className="sc-gFqAkR jiKVQS app__link"
      href="https://www.typescriptlang.org/"
      rel="noreferer noopener"
      target="__blank"
    >
      <img
        alt=""
        className="sc-ikkxIA kTOmEe"
        src=""
      />
    </a>
    <a
      className="sc-gFqAkR jiKVQS app__link"
      href="https://redux-toolkit.js.org/"
      rel="noreferer noopener"
      target="__blank"
    >
      <img
        alt=""
        className="sc-ikkxIA kTOmEe"
        src=""
      />
    </a>
    <a
      className="sc-gFqAkR jiKVQS app__link"
      href="https://styled-components.com/"
      rel="noreferer noopener"
      target="__blank"
    >
      <img
        alt=""
        className="sc-ikkxIA kTOmEe"
        src=""
      />
    </a>
  </div>
  <form
    className="sc-dcJsrY fEdaLH"
  >
    <input
      className="sc-fqkvVR fsJNVR input"
      data-testid="todo-input"
      id="new-todo-input"
      onChange={[Function]}
      placeholder="Write new task here..."
      type="text"
      value=""
    />
    <button
      className="sc-aXZVg kgdjuQ button"
      data-testid="todo-create-btn"
      disabled={true}
      onClick={[Function]}
      type="submit"
    >
      Add
    </button>
  </form>
  <div
    className="sc-dAbbOL eSvOWC"
  >
    <div
      className="sc-gEvEer gBbweT"
    />
  </div>
</div>
`;
